******************************************************************************
                  TI ARM Linker PC v5.1.6                      
******************************************************************************
>> Linked Sat Dec 06 05:04:37 2014

OUTPUT FILE NAME:   <hello.out>
ENTRY POINT SYMBOL: "_c_int00"  address: 000008fd


MEMORY CONFIGURATION

         name            origin    length      used     unused   attr    fill
----------------------  --------  ---------  --------  --------  ----  --------
  FLASH                 00000000   00040000  00000d44  0003f2bc  R  X
  SRAM                  20000000   00008000  0000021c  00007de4  RW X


SEGMENT ALLOCATION MAP

run origin  load origin   length   init length attrs members
----------  ----------- ---------- ----------- ----- -------
00000000    00000000    00000d48   00000d48    r-x
  00000000    00000000    0000026c   0000026c    r-- .intvecs
  0000026c    0000026c    00000874   00000874    r-x .text
  00000ae0    00000ae0    00000244   00000244    r-- .const
  00000d28    00000d28    00000020   00000020    r-- .cinit
20000000    20000000    00000220   00000000    rw-
  20000000    20000000    00000200   00000000    rw- .stack
  20000200    20000200    00000014   00000000    rw- .data
  20000218    20000218    00000008   00000000    rw- .sysmem


SECTION ALLOCATION MAP

 output                                  attributes/
section   page    origin      length       input sections
--------  ----  ----------  ----------   ----------------
.intvecs   0    00000000    0000026c     
                  00000000    0000026c     startup_ccs.obj (.intvecs)

.init_array 
*          0    00000000    00000000     UNINITIALIZED

.text      0    0000026c    00000874     
                  0000026c    00000198     stack.obj (.text:eval)
                  00000404    0000010c     pad.obj (.text:pad_init)
                  00000510    0000009c     rtsv7M4_T_le_v4SPD16_eabi.lib : memcpy_t2.obj (.text)
                  000005ac    00000094                                   : auto_init.obj (.text)
                  00000640    0000007c     timer.obj (.text:control)
                  000006bc    0000007a     stack.obj (.text:two_eval)
                  00000736    00000002     startup_ccs.obj (.text:FaultISR)
                  00000738    00000068     main.obj (.text:main)
                  000007a0    00000060     stack.obj (.text:construct_buffer)
                  00000800    0000005e     rtsv7M4_T_le_v4SPD16_eabi.lib : copy_decompress_rle.obj (.text)
                  0000085e    00000050     stack.obj (.text:encoder)
                  000008ae    00000002     startup_ccs.obj (.text:IntDefaultHandler)
                  000008b0    0000004c     rtsv7M4_T_le_v4SPD16_eabi.lib : atoi.obj (.text)
                  000008fc    00000048                                   : boot.obj (.text)
                  00000944    00000044                                   : cpy_tbl.obj (.text)
                  00000988    00000044                                   : exit.obj (.text)
                  000009cc    00000038     stack.obj (.text:push)
                  00000a04    00000034     stack.obj (.text:pop)
                  00000a38    0000001c     stack.obj (.text:init)
                  00000a54    0000001c     timer.obj (.text:sys_init)
                  00000a70    00000018     rtsv7M4_T_le_v4SPD16_eabi.lib : args_main.obj (.text)
                  00000a88    00000016     stack.obj (.text:head_loc)
                  00000a9e    00000002     startup_ccs.obj (.text:NmiSR)
                  00000aa0    00000014     rtsv7M4_T_le_v4SPD16_eabi.lib : _lock.obj (.text)
                  00000ab4    00000012     stack.obj (.text:peek)
                  00000ac6    0000000e     rtsv7M4_T_le_v4SPD16_eabi.lib : copy_decompress_none.obj (.text:decompress:none)
                  00000ad4    00000006     startup_ccs.obj (.text:ResetISR)
                  00000ada    00000006     rtsv7M4_T_le_v4SPD16_eabi.lib : copy_decompress_rle.obj (.text:decompress:rle24)

.const     0    00000ae0    00000244     
                  00000ae0    00000102     rtsv7M4_T_le_v4SPD16_eabi.lib : ctype.obj (.const:.string:_ctypes_)
                  00000be2    00000002     --HOLE-- [fill = 0]
                  00000be4    00000050     main.obj (.const:$P$T0$1)
                  00000c34    00000050     stack.obj (.const:$P$T2$3)
                  00000c84    00000050     stack.obj (.const:$P$T3$4)
                  00000cd4    00000050     stack.obj (.const:$P$T4$5)

.cinit     0    00000d28    00000020     
                  00000d28    0000000f     (.cinit..data.load) [load image, compression = rle]
                  00000d37    00000001     --HOLE-- [fill = 0]
                  00000d38    00000008     (__TI_handler_table)
                  00000d40    00000008     (__TI_cinit_table)

.stack     0    20000000    00000200     UNINITIALIZED
                  20000000    00000200     --HOLE--

.data      0    20000200    00000014     UNINITIALIZED
                  20000200    00000008     rtsv7M4_T_le_v4SPD16_eabi.lib : _lock.obj (.data)
                  20000208    00000008                                   : exit.obj (.data)
                  20000210    00000004                                   : stkdepth_vars.obj (.data)

.sysmem    0    20000218    00000008     UNINITIALIZED
                  20000218    00000008     rtsv7M4_T_le_v4SPD16_eabi.lib : memory.obj (.sysmem)


LINKER GENERATED COPY TABLES

__TI_cinit_table @ 00000d40 records: 1, size/record: 8, table size: 8
	.data: load addr=00000d28, load size=0000000f bytes, run addr=20000200, run size=00000014 bytes, compression=rle


LINKER GENERATED HANDLER TABLE

__TI_handler_table @ 00000d38 records: 2, size/record: 4, table size: 8
	index: 0, handler: __TI_decompress_rle24
	index: 1, handler: __TI_decompress_none


GLOBAL SYMBOLS: SORTED ALPHABETICALLY BY Name 

address    name
--------   ----
00000989   C$$EXIT
00000ad5   ResetISR
UNDEFED    SHT$$INIT_ARRAY$$Base
UNDEFED    SHT$$INIT_ARRAY$$Limit
20000200   __STACK_END
00000200   __STACK_SIZE
20000200   __STACK_TOP
00000008   __SYSMEM_SIZE
00000d40   __TI_CINIT_Base
00000d48   __TI_CINIT_Limit
00000d38   __TI_Handler_Table_Base
00000d40   __TI_Handler_Table_Limit
00000001   __TI_args_main
000005ad   __TI_auto_init
20000208   __TI_cleanup_ptr
00000ac7   __TI_decompress_none
00000adb   __TI_decompress_rle24
2000020c   __TI_dtors_ptr
00000000   __TI_static_base__
00000511   __aeabi_memcpy
00000511   __aeabi_memcpy4
00000511   __aeabi_memcpy8
ffffffff   __binit__
ffffffff   __c_args__
20000000   __stack
00000a71   _args_main
000008fd   _c_int00
00000ae0   _ctypes_
20000200   _lock
00000aaf   _nop
00000aa7   _register_lock
00000aa1   _register_unlock
20000218   _sys_memory
20000204   _unlock
0000098d   abort
000008b1   atoi
ffffffff   binit
000007a1   construct_buffer
00000641   control
00000945   copy_in
0000085f   encoder
0000026d   eval
00000995   exit
00000000   g_pfnVectors
00000a89   head_loc
00000a39   init
00000739   main
20000210   main_func_sp
00000511   memcpy
00000405   pad_init
00000ab5   peek
00000a05   pop
000009cd   push
00000a55   sys_init
000006bd   two_eval


GLOBAL SYMBOLS: SORTED BY Symbol Address 

address    name
--------   ----
00000000   __TI_static_base__
00000000   g_pfnVectors
00000001   __TI_args_main
00000008   __SYSMEM_SIZE
00000200   __STACK_SIZE
0000026d   eval
00000405   pad_init
00000511   __aeabi_memcpy
00000511   __aeabi_memcpy4
00000511   __aeabi_memcpy8
00000511   memcpy
000005ad   __TI_auto_init
00000641   control
000006bd   two_eval
00000739   main
000007a1   construct_buffer
0000085f   encoder
000008b1   atoi
000008fd   _c_int00
00000945   copy_in
00000989   C$$EXIT
0000098d   abort
00000995   exit
000009cd   push
00000a05   pop
00000a39   init
00000a55   sys_init
00000a71   _args_main
00000a89   head_loc
00000aa1   _register_unlock
00000aa7   _register_lock
00000aaf   _nop
00000ab5   peek
00000ac7   __TI_decompress_none
00000ad5   ResetISR
00000adb   __TI_decompress_rle24
00000ae0   _ctypes_
00000d38   __TI_Handler_Table_Base
00000d40   __TI_CINIT_Base
00000d40   __TI_Handler_Table_Limit
00000d48   __TI_CINIT_Limit
20000000   __stack
20000200   __STACK_END
20000200   __STACK_TOP
20000200   _lock
20000204   _unlock
20000208   __TI_cleanup_ptr
2000020c   __TI_dtors_ptr
20000210   main_func_sp
20000218   _sys_memory
ffffffff   __binit__
ffffffff   __c_args__
ffffffff   binit
UNDEFED    SHT$$INIT_ARRAY$$Base
UNDEFED    SHT$$INIT_ARRAY$$Limit

[55 symbols]
